============================= test session starts =============================
platform win32 -- Python 3.11.9, pytest-8.3.4, pluggy-1.5.0 -- C:\Users\ahmty\AppData\Local\Microsoft\WindowsApps\PythonSoftwareFoundation.Python.3.11_qbz5n2kfra8p0\python.exe
cachedir: .pytest_cache
rootdir: C:\Users\ahmty\fin-eye\backend
plugins: anyio-4.8.0, dash-2.18.2, Faker-37.1.0, asyncio-1.3.0, docker-3.1.2, requests-mock-1.12.1, typeguard-4.4.2
asyncio: mode=Mode.STRICT, debug=False, asyncio_default_fixture_loop_scope=None, asyncio_default_test_loop_scope=function
collecting ... collected 2 items

tests/api/test_macro.py::test_get_latest_macro_dashboard ERROR           [ 50%]
tests/api/test_macro.py::test_refresh_macro_data PASSED                  [100%]

=================================== ERRORS ====================================
______________ ERROR at setup of test_get_latest_macro_dashboard ______________
file C:\Users\ahmty\fin-eye\backend\tests\api\test_macro.py, line 17
  @pytest.mark.asyncio
  async def test_get_latest_macro_dashboard(client: AsyncClient, test_app, test_db):
      # Setup test DB
      test_db.add_all(mock_macro_data)
      test_db.commit()

      response = await client.get("/api/v1/macro/latest")
      assert response.status_code == 200

      data = response.json().get("data")
      assert data is not None

      # Check if all indicators are present
      assert "fed_funds_rate" in data
      assert "unemployment_rate" in data
      assert "yield_spread_10y_2y" in data
      assert "cpi_yoy" in data
      assert "vix" in data

      # Verify values and interpretations
      assert data["fed_funds_rate"]["value"] == 5.25
      assert "restrictive" in data["fed_funds_rate"]["interpretation"].lower()

      assert data["yield_spread_10y_2y"]["value"] == -0.5
      assert "inverted" in data["yield_spread_10y_2y"]["interpretation"].lower()
E       fixture 'test_db' not found
>       available fixtures: _class_scoped_runner, _function_scoped_runner, _module_scoped_runner, _package_scoped_runner, _session_faker, _session_scoped_runner, anyio_backend, anyio_backend_name, anyio_backend_options, cache, capfd, capfdbinary, caplog, capsys, capsysbinary, client, dash_br, dash_duo, dash_duo_mp, dash_multi_process_server, dash_process_server, dash_thread_server, dashjl, dashjl_server, dashr, dashr_server, diskcache_manager, docker_cleanup, docker_compose_command, docker_compose_file, docker_compose_project_name, docker_ip, docker_services, docker_setup, doctest_namespace, event_loop_policy, faker, monkeypatch, pytestconfig, record_property, record_testsuite_property, record_xml_attribute, recwarn, requests_mock, test_app, tmp_path, tmp_path_factory, tmpdir, tmpdir_factory, unused_tcp_port, unused_tcp_port_factory, unused_udp_port, unused_udp_port_factory
>       use 'pytest --fixtures [testpath]' for help on them.

C:\Users\ahmty\fin-eye\backend\tests\api\test_macro.py:17
---------------------------- Captured stderr setup ----------------------------
INFO:app.db.redis_client:\u2705 Redis connected successfully
----------------------------- Captured log setup ------------------------------
INFO     app.db.redis_client:redis_client.py:23 \u2705 Redis connected successfully
============================== warnings summary ===============================
..\..\AppData\Local\Packages\PythonSoftwareFoundation.Python.3.11_qbz5n2kfra8p0\LocalCache\local-packages\Python311\site-packages\pydantic\_internal\_config.py:295
  C:\Users\ahmty\AppData\Local\Packages\PythonSoftwareFoundation.Python.3.11_qbz5n2kfra8p0\LocalCache\local-packages\Python311\site-packages\pydantic\_internal\_config.py:295: PydanticDeprecatedSince20: Support for class-based `config` is deprecated, use ConfigDict instead. Deprecated in Pydantic V2.0 to be removed in V3.0. See Pydantic V2 Migration Guide at https://errors.pydantic.dev/2.10/migration/
    warnings.warn(DEPRECATION_MESSAGE, DeprecationWarning)

tests/api/test_macro.py::test_refresh_macro_data
  C:\Users\ahmty\fin-eye\backend\app\db\redis_client.py:32: DeprecationWarning: Call to deprecated close. (Use aclose() instead) -- Deprecated since version 5.0.1.
    await redis_client.close()

-- Docs: https://docs.pytest.org/en/stable/how-to/capture-warnings.html
=========================== short test summary info ===========================
ERROR tests/api/test_macro.py::test_get_latest_macro_dashboard
=================== 1 passed, 2 warnings, 1 error in 0.41s ====================

C:\Users\ahmty\AppData\Local\Packages\PythonSoftwareFoundation.Python.3.11_qbz5n2kfra8p0\LocalCache\local-packages\Python311\site-packages\pytest_asyncio\plugin.py:247: PytestDeprecationWarning: The configuration option "asyncio_default_fixture_loop_scope" is unset.
The event loop scope for asynchronous fixtures will default to the fixture caching scope. Future versions of pytest-asyncio will default the loop scope for asynchronous fixtures to function scope. Set the default fixture loop scope explicitly in order to avoid unexpected behavior in the future. Valid fixture loop scopes are: "function", "class", "module", "package", "session"

  warnings.warn(PytestDeprecationWarning(_DEFAULT_FIXTURE_LOOP_SCOPE_UNSET))
